// Jest Snapshot v1, https://goo.gl/fbAQLP

exports[`Testa a função checkoutController  Verifica se consegue realizar uma compra com sucesso 1`] = `Array []`;
